// Jest Snapshot v1, https://goo.gl/fbAQLP

exports[`ErrorTextIndicator component renders correctly 1`] = `
<View
  style={
    Object {
      "alignItems": "center",
      "flexDirection": "row",
      "marginBottom": 5,
      "marginTop": 5,
    }
  }
>
  <Text
    accessible={true}
    allowFontScaling={false}
    ellipsizeMode="tail"
    style={
      Array [
        Object {
          "color": undefined,
          "fontSize": 12,
        },
        Object {
          "color": "#ED1D25",
          "fontSize": 12,
          "paddingRight": 5,
        },
        Object {
          "fontFamily": "simas",
          "fontStyle": "normal",
          "fontWeight": "normal",
        },
      ]
    }
  >
    î¤‘
  </Text>
  <Text
    accessible={true}
    allowFontScaling={true}
    ellipsizeMode="tail"
    style={
      Object {
        "color": "#ED1D25",
        "fontSize": 12,
        "fontWeight": "500",
      }
    }
  />
</View>
`;
